building file list ... done
./
coverage-report.json
release-validation-transcript.json
release-artifacts/
release-artifacts/release-manifest.json
release-artifacts/research-factory-orchestrator-19.0.4.zip
release-artifacts/research-factory-orchestrator-19.0.4.zip.sha256
release-artifacts/research-factory-orchestrator-19.1.0.zip
release-artifacts/research-factory-orchestrator-19.1.0.zip.sha256
release-artifacts/research-factory-orchestrator-19.2.0.zip
release-artifacts/research-factory-orchestrator-19.2.0.zip.sha256
release-artifacts/research-factory-orchestrator-19.3.zip
release-artifacts/research-factory-orchestrator-19.3.zip.sha256
runtime/
runtime/cli.py
runtime/render.py
runtime/worker.py
runtime/worker_impl.py
schemas/final-answer-gate.schema.json
scripts/
scripts/_test_mvr_profile_seed_only_disclosure.py
scripts/rfo_debug.py
tools/agent_telegram/
tools/agent_telegram/README.md
tools/agent_telegram/__init__.py
tools/agent_telegram/config.example.env
tools/agent_telegram/requirements.txt
tools/agent_telegram/runner.py
tools/agent_telegram/security.py
tools/agent_telegram/telegram_bot.py
tools/agent_telegram/webhook_server.py
tools/agent_telegram/nginx/
tools/agent_telegram/nginx/README.md
tools/agent_telegram/systemd/
tools/agent_telegram/systemd/rfo-telegram-webhook.service.example

sent 14,152,888 bytes  received 584 bytes  28,306,944.00 bytes/sec
total size is 33,931,574  speedup is 2.40
